Спикер 1
О'кей. Привет. Раз, два, три, четыре, пять.
Спикер 1
Какие планы на выходные?
Спикер 2
А ты мог что-то какую-то другую тему выбрать? Пока я не знаю, что тут рассказывать.
Спикер 1
Ну, например, в субботу что ты собираешься делать? Это же будет выходной день.
Спикер 2
Я не знаю ничего.
Спикер 1
То есть не думаешь куда-нибудь сходить на природу, или погулять на набережной, или сходить в магазин?
Спикер 2
Пока что я вообще не думала о планах на выходные.
Спикер 1
А ты хотела бы куда-нибудь сходить?
Спикер 2
Не знаю, наверное.
Спикер 1
Что ты думаешь, если пойти, например, до Дворца Труда?
Спикер 2
Не знаю, не с кем.
Спикер 1
На автобусе.
Спикер 1
Китаться любишь?
Спикер 2
Нет.
Спикер 1
Почему?
Спикер 2
Там дорого, и душно, и нет места сидеть.
Спикер 1
Понятно.
Спикер 1
Вот представь, ты лежишь под деревом и смотришь на небо. Что ты видишь?
Спикер 2
Ну, если я лежу под деревом, я вижу ветки и листья.
Спикер 1
Понятно, а если немножко в сторону [[[ >>> пос...
Спикер 2
Смотреть. ]]] А там я, наверное, вижу облака.
Спикер 1
А ещё?
Спикер 2
Ещё соседние деревья.
Спикер 1
Точно.
Спикер 2
Ну, думаю, да.
Спикер 1
Понятно.
Спикер 1
Спасибо.
Спикер 2
Толст