Спикер 1
Раз, два, три, четыре, пять. Раз, два, три.
Спикер 1
Расскажи ещё что-нибудь.
>>> Спикер 1
Сегодня ходил до Глеба.
Спикер 2
Звонила ему в квартиру.
Спикер 2
Он сначала не хотел выходить, потом
Спикер 2
Мы вышли к нему во двор.
Спикер 2
С его мамой.
>>> Спикер 1
Она шла в Сибирский городок, мы шли гулять.
>>> Спикер 1
Встретили.
Спикер 2
Диму с Давидом.
>>> Спикер 1
Там на турниках.
Спикер 2
мячик баскетбол.
Спикер 2
Его кидали.
>>> Спикер 1
Там ходили на другой двор.
Спикер 2
Может, там городок большой.
Спикер 1
Заколебали уже.
Спикер 2
Всё понятно.
Спикер 2
Всё, спасибо. Пока.
Спикер 2
Почему?
Спикер 1
Спикер.
>>> Спикер 2
Потому что неправильно.