Спикер 1
Раз, два, три, четыре, пять.
Спикер 1
Как сходила в магазин?
Спикер 2
Хорошо.
Спикер 1
Что купила?
>>> Спикер 1
Это на завтра.
Спикер 1
А-а, выбрала себе одежду новую? Нет. А почему?
Спикер 2
Потому что мне ничего там не понравилось.
Спикер 1
Ну чё, совсем ничего не понравилось?
Спикер 2
Совсем не
Спикер 2
Ничего не продаю.
Спикер 1
Ну, даже новые джинсы там или куртка или шляпа.
Спикер 2
Нет
Спикер 1
Совсем ничего.
Спикер 2
Совсем ничего.
Спикер 1
Ну, скажи что-нибудь длинное, то есть как бы
Спикер 1
Как ты шла по улице?
Спикер 1
Ну, зашла в лифт, вышла из подъезда, повернула направо, налево. Светофор.
Спикер 2
Вышла из подъезда.
Спикер 2
Повернула налево, дошла до ларька, там свернула направо, дошла до светофора, перешла дорогу.
Спикер 1
Круто. А что ты видела на небе?
Спикер 2
На небе видела облака.
Спикер 1
Много
Спикер 2
Да.
Спикер 1
Ну, классно же.