Спикер 1
Раз, два, три.
Спикер 1
Раз, два, три.
>>> Спикер 2
Четыре, пять. Давай, говори.
Спикер 2
Ехал Грека через реку, видит Грека в реке рак. Сунул Грека руку в реку.
Спикер 2
Рак за руку греку цап.
Спикер 1
Лопата ехала опять. Снова ехала по крыше.
Спикер 1
Я не вижу, где лопата.
Спикер 1
Раз, два, три, четыре, пять.
Спикер 1
Где лопата?
Спикер 1
Давай ещё.
Спикер 2
Ехал Грека через реку, видит Грека в реке рак. Сунул Грека
Спикер 2
Руку в реку, рак за руку греку цап.
Спикер 2
Прикольно.
Спикер 1
Это прикольно.
>>> Спикер 1
Зачем это нужно? Для чего?
Спикер 1
Тебя неправильно определила.
>>> Спикер 1
Так и тебя тоже.
Спикер 1
Вот. Это понял.
Спикер 1
А. Чё?
Спикер 2
Ехал Грека через реку, видит Грека
Спикер 2
Грека в реке рак. Сунул Грека руку в реку, рак за руку Греку цап.
Спикер 1
На коврике сидела собака, собака кусала лопату. Лопату
Спикер 1
То упала.
Спикер 1
Ха.
Спикер 1
Ну чё? Ну другой. В лесу родилась ёлочка.
Спикер 1
Ну, расскажи ёлочку.
>>> Спикер 1
Я не знаю ёлочку.
Спикер 1
Что тебе на день рождения подарили? Расскажи, что подарили тебе на день рождения?
Спикер 1
Мне подарили
Спикер 2
Баскетбольный мячик.
Спикер 2
Огнива.
Спикер 2
Или огненная.
Спикер 2
И рюкзак.
>>> Спикер 2
Всё. [?]
Спикер 2
Да, всё.
Спикер 1
Всё, давай, топай.
Спикер 1
Чука-чука-чука.